[0.610s] Invoking command in '/home/administrator/Masterproject2/20_ROS/src/Interface/build/tc_ros2_itf': DEBUGINFOD_URLS=https://debuginfod.ubuntu.com PYTHONPATH=/home/administrator/Masterproject2/20_ROS/src/Interface/build/tc_ros2_itf/prefix_override:/usr/lib/python3/dist-packages/colcon_core/task/python/colcon_distutils_commands:/home/administrator/Masterproject2/20_ROS/src/Interface/install/tc_ros2_itf/lib/python3.12/site-packages: /usr/bin/python3 -W ignore:setup.py install is deprecated -W ignore:easy_install command is deprecated setup.py develop --editable --build-directory /home/administrator/Masterproject2/20_ROS/src/Interface/build/tc_ros2_itf/build --no-deps symlink_data
[0.739s] running develop
[0.783s] running egg_info
[0.783s] creating tc_ros2_itf.egg-info
[0.787s] writing tc_ros2_itf.egg-info/PKG-INFO
[0.787s] writing dependency_links to tc_ros2_itf.egg-info/dependency_links.txt
[0.787s] writing requirements to tc_ros2_itf.egg-info/requires.txt
[0.788s] writing top-level names to tc_ros2_itf.egg-info/top_level.txt
[0.788s] writing manifest file 'tc_ros2_itf.egg-info/SOURCES.txt'
[0.792s] reading manifest file 'tc_ros2_itf.egg-info/SOURCES.txt'
[0.792s] writing manifest file 'tc_ros2_itf.egg-info/SOURCES.txt'
[0.797s] running build_ext
[0.801s] Creating /home/administrator/Masterproject2/20_ROS/src/Interface/install/tc_ros2_itf/lib/python3.12/site-packages/tc-ros2-itf.egg-link (link to .)
[0.801s] 
[0.801s] Installed /home/administrator/Masterproject2/20_ROS/src/Interface/build/tc_ros2_itf
[0.801s] running symlink_data
[0.802s] creating /home/administrator/Masterproject2/20_ROS/src/Interface/install/tc_ros2_itf/share/ament_index
[0.802s] creating /home/administrator/Masterproject2/20_ROS/src/Interface/install/tc_ros2_itf/share/ament_index/resource_index
[0.802s] creating /home/administrator/Masterproject2/20_ROS/src/Interface/install/tc_ros2_itf/share/ament_index/resource_index/packages
[0.802s] symbolically linking /home/administrator/Masterproject2/20_ROS/src/Interface/build/tc_ros2_itf/resource/tc_ros2_itf -> /home/administrator/Masterproject2/20_ROS/src/Interface/install/tc_ros2_itf/share/ament_index/resource_index/packages
[0.802s] symbolically linking /home/administrator/Masterproject2/20_ROS/src/Interface/build/tc_ros2_itf/package.xml -> /home/administrator/Masterproject2/20_ROS/src/Interface/install/tc_ros2_itf/share/tc_ros2_itf
[0.818s] Invoked command in '/home/administrator/Masterproject2/20_ROS/src/Interface/build/tc_ros2_itf' returned '0': DEBUGINFOD_URLS=https://debuginfod.ubuntu.com PYTHONPATH=/home/administrator/Masterproject2/20_ROS/src/Interface/build/tc_ros2_itf/prefix_override:/usr/lib/python3/dist-packages/colcon_core/task/python/colcon_distutils_commands:/home/administrator/Masterproject2/20_ROS/src/Interface/install/tc_ros2_itf/lib/python3.12/site-packages: /usr/bin/python3 -W ignore:setup.py install is deprecated -W ignore:easy_install command is deprecated setup.py develop --editable --build-directory /home/administrator/Masterproject2/20_ROS/src/Interface/build/tc_ros2_itf/build --no-deps symlink_data
